<?xml version="1.0" encoding="utf-8"?><testsuites><testsuite name="pytest" errors="0" failures="0" skipped="0" tests="4" time="0.054" timestamp="2026-02-27T13:13:20.683826" hostname="DESKTOP-TCNUAOP"><testcase classname="tests.test_service" name="test_total" time="0.000" /><testcase classname="tests.test_service" name="test_average" time="0.000" /><testcase classname="tests.test_service" name="test_filter" time="0.001" /><testcase classname="tests.test_utils" name="test_validate" time="0.000" /></testsuite></testsuites>